[0.417s] Invoking command in '/home/agilex/cpsc_ws_taj/src/square_mover': PYTHONPATH=/home/agilex/cpsc_ws_taj/build/square_mover/prefix_override:/home/agilex/cpsc_ws_taj/install/square_mover/lib/python3.10/site-packages:${PYTHONPATH} /usr/bin/python3 setup.py egg_info --egg-base ../../build/square_mover build --build-base /home/agilex/cpsc_ws_taj/build/square_mover/build install --record /home/agilex/cpsc_ws_taj/build/square_mover/install.log --single-version-externally-managed
[0.547s] running egg_info
[0.547s] writing ../../build/square_mover/square_mover.egg-info/PKG-INFO
[0.547s] writing dependency_links to ../../build/square_mover/square_mover.egg-info/dependency_links.txt
[0.547s] writing entry points to ../../build/square_mover/square_mover.egg-info/entry_points.txt
[0.547s] writing requirements to ../../build/square_mover/square_mover.egg-info/requires.txt
[0.547s] writing top-level names to ../../build/square_mover/square_mover.egg-info/top_level.txt
[0.548s] reading manifest file '../../build/square_mover/square_mover.egg-info/SOURCES.txt'
[0.549s] writing manifest file '../../build/square_mover/square_mover.egg-info/SOURCES.txt'
[0.549s] running build
[0.549s] running build_py
[0.549s] copying square_mover/square_mover.py -> /home/agilex/cpsc_ws_taj/build/square_mover/build/lib/square_mover
[0.549s] /usr/lib/python3/dist-packages/setuptools/command/install.py:34: SetuptoolsDeprecationWarning: setup.py install is deprecated. Use build and pip and other standards-based tools.
[0.549s]   warnings.warn(
[0.549s] running install
[0.549s] running install_lib
[0.549s] copying /home/agilex/cpsc_ws_taj/build/square_mover/build/lib/square_mover/square_mover.py -> /home/agilex/cpsc_ws_taj/install/square_mover/lib/python3.10/site-packages/square_mover
[0.550s] byte-compiling /home/agilex/cpsc_ws_taj/install/square_mover/lib/python3.10/site-packages/square_mover/square_mover.py to square_mover.cpython-310.pyc
[0.550s] running install_data
[0.551s] running install_egg_info
[0.552s] removing '/home/agilex/cpsc_ws_taj/install/square_mover/lib/python3.10/site-packages/square_mover-0.0.0-py3.10.egg-info' (and everything under it)
[0.552s] Copying ../../build/square_mover/square_mover.egg-info to /home/agilex/cpsc_ws_taj/install/square_mover/lib/python3.10/site-packages/square_mover-0.0.0-py3.10.egg-info
[0.552s] running install_scripts
[0.567s] Installing square_mover script to /home/agilex/cpsc_ws_taj/install/square_mover/lib/square_mover
[0.567s] writing list of installed files to '/home/agilex/cpsc_ws_taj/build/square_mover/install.log'
[0.583s] Invoked command in '/home/agilex/cpsc_ws_taj/src/square_mover' returned '0': PYTHONPATH=/home/agilex/cpsc_ws_taj/build/square_mover/prefix_override:/home/agilex/cpsc_ws_taj/install/square_mover/lib/python3.10/site-packages:${PYTHONPATH} /usr/bin/python3 setup.py egg_info --egg-base ../../build/square_mover build --build-base /home/agilex/cpsc_ws_taj/build/square_mover/build install --record /home/agilex/cpsc_ws_taj/build/square_mover/install.log --single-version-externally-managed
