running develop
Removing /home/agilex/taj_ws_final/install/square_mover/lib/python3.10/site-packages/square-mover.egg-link (link to .)
running egg_info
writing ../../build/square_mover/square_mover.egg-info/PKG-INFO
writing dependency_links to ../../build/square_mover/square_mover.egg-info/dependency_links.txt
writing entry points to ../../build/square_mover/square_mover.egg-info/entry_points.txt
writing requirements to ../../build/square_mover/square_mover.egg-info/requires.txt
writing top-level names to ../../build/square_mover/square_mover.egg-info/top_level.txt
reading manifest file '../../build/square_mover/square_mover.egg-info/SOURCES.txt'
writing manifest file '../../build/square_mover/square_mover.egg-info/SOURCES.txt'
running build
running build_py
running install
running install_lib
creating /home/agilex/taj_ws_final/install/square_mover/lib/python3.10/site-packages/square_mover
copying /home/agilex/taj_ws_final/build/square_mover/build/lib/square_mover/square_mover.py -> /home/agilex/taj_ws_final/install/square_mover/lib/python3.10/site-packages/square_mover
copying /home/agilex/taj_ws_final/build/square_mover/build/lib/square_mover/__init__.py -> /home/agilex/taj_ws_final/install/square_mover/lib/python3.10/site-packages/square_mover
byte-compiling /home/agilex/taj_ws_final/install/square_mover/lib/python3.10/site-packages/square_mover/square_mover.py to square_mover.cpython-310.pyc
byte-compiling /home/agilex/taj_ws_final/install/square_mover/lib/python3.10/site-packages/square_mover/__init__.py to __init__.cpython-310.pyc
running install_data
running install_egg_info
Copying ../../build/square_mover/square_mover.egg-info to /home/agilex/taj_ws_final/install/square_mover/lib/python3.10/site-packages/square_mover-0.0.0-py3.10.egg-info
running install_scripts
Installing square_mover script to /home/agilex/taj_ws_final/install/square_mover/lib/square_mover
writing list of installed files to '/home/agilex/taj_ws_final/build/square_mover/install.log'
