[0.456s] Invoking command in '/home/agilex/taj_ws_final/src/square_mover': PYTHONPATH=/home/agilex/taj_ws_final/build/square_mover/prefix_override:/home/agilex/taj_ws_final/install/square_mover/lib/python3.10/site-packages:${PYTHONPATH} /usr/bin/python3 setup.py egg_info --egg-base ../../build/square_mover build --build-base /home/agilex/taj_ws_final/build/square_mover/build install --record /home/agilex/taj_ws_final/build/square_mover/install.log --single-version-externally-managed
[0.584s] running egg_info
[0.585s] writing ../../build/square_mover/square_mover.egg-info/PKG-INFO
[0.585s] writing dependency_links to ../../build/square_mover/square_mover.egg-info/dependency_links.txt
[0.585s] writing entry points to ../../build/square_mover/square_mover.egg-info/entry_points.txt
[0.585s] writing requirements to ../../build/square_mover/square_mover.egg-info/requires.txt
[0.585s] writing top-level names to ../../build/square_mover/square_mover.egg-info/top_level.txt
[0.586s] reading manifest file '../../build/square_mover/square_mover.egg-info/SOURCES.txt'
[0.586s] writing manifest file '../../build/square_mover/square_mover.egg-info/SOURCES.txt'
[0.586s] running build
[0.586s] running build_py
[0.586s] running install
[0.586s] running install_lib
[0.587s] /usr/lib/python3/dist-packages/setuptools/command/install.py:34: SetuptoolsDeprecationWarning: setup.py install is deprecated. Use build and pip and other standards-based tools.
[0.587s]   warnings.warn(
[0.587s] running install_data
[0.587s] running install_egg_info
[0.589s] removing '/home/agilex/taj_ws_final/install/square_mover/lib/python3.10/site-packages/square_mover-0.0.0-py3.10.egg-info' (and everything under it)
[0.589s] Copying ../../build/square_mover/square_mover.egg-info to /home/agilex/taj_ws_final/install/square_mover/lib/python3.10/site-packages/square_mover-0.0.0-py3.10.egg-info
[0.589s] running install_scripts
[0.601s] Installing square_mover script to /home/agilex/taj_ws_final/install/square_mover/lib/square_mover
[0.601s] writing list of installed files to '/home/agilex/taj_ws_final/build/square_mover/install.log'
[0.617s] Invoked command in '/home/agilex/taj_ws_final/src/square_mover' returned '0': PYTHONPATH=/home/agilex/taj_ws_final/build/square_mover/prefix_override:/home/agilex/taj_ws_final/install/square_mover/lib/python3.10/site-packages:${PYTHONPATH} /usr/bin/python3 setup.py egg_info --egg-base ../../build/square_mover build --build-base /home/agilex/taj_ws_final/build/square_mover/build install --record /home/agilex/taj_ws_final/build/square_mover/install.log --single-version-externally-managed
