[0.511s] Invoking command in '/home/agilex/cpsc_ws1/src/square_mover': PYTHONPATH=/home/agilex/cpsc_ws1/build/square_mover/prefix_override:/home/agilex/cpsc_ws1/install/square_mover/lib/python3.10/site-packages:${PYTHONPATH} /usr/bin/python3 setup.py egg_info --egg-base ../../build/square_mover build --build-base /home/agilex/cpsc_ws1/build/square_mover/build install --record /home/agilex/cpsc_ws1/build/square_mover/install.log --single-version-externally-managed
[0.644s] running egg_info
[0.645s] writing ../../build/square_mover/square_mover.egg-info/PKG-INFO
[0.645s] writing dependency_links to ../../build/square_mover/square_mover.egg-info/dependency_links.txt
[0.645s] writing entry points to ../../build/square_mover/square_mover.egg-info/entry_points.txt
[0.645s] writing requirements to ../../build/square_mover/square_mover.egg-info/requires.txt
[0.645s] writing top-level names to ../../build/square_mover/square_mover.egg-info/top_level.txt
[0.646s] reading manifest file '../../build/square_mover/square_mover.egg-info/SOURCES.txt'
[0.647s] writing manifest file '../../build/square_mover/square_mover.egg-info/SOURCES.txt'
[0.647s] running build
[0.647s] running build_py
[0.647s] copying square_mover/square_mover.py -> /home/agilex/cpsc_ws1/build/square_mover/build/lib/square_mover
[0.647s] running install
[0.648s] /usr/lib/python3/dist-packages/setuptools/command/install.py:34: SetuptoolsDeprecationWarning: setup.py install is deprecated. Use build and pip and other standards-based tools.
[0.648s]   warnings.warn(
[0.648s] running install_lib
[0.649s] copying /home/agilex/cpsc_ws1/build/square_mover/build/lib/square_mover/square_mover.py -> /home/agilex/cpsc_ws1/install/square_mover/lib/python3.10/site-packages/square_mover
[0.649s] byte-compiling /home/agilex/cpsc_ws1/install/square_mover/lib/python3.10/site-packages/square_mover/square_mover.py to square_mover.cpython-310.pyc
[0.650s] running install_data
[0.650s] running install_egg_info
[0.651s] removing '/home/agilex/cpsc_ws1/install/square_mover/lib/python3.10/site-packages/square_mover-0.0.0-py3.10.egg-info' (and everything under it)
[0.651s] Copying ../../build/square_mover/square_mover.egg-info to /home/agilex/cpsc_ws1/install/square_mover/lib/python3.10/site-packages/square_mover-0.0.0-py3.10.egg-info
[0.651s] running install_scripts
[0.664s] Installing square_mover script to /home/agilex/cpsc_ws1/install/square_mover/lib/square_mover
[0.664s] writing list of installed files to '/home/agilex/cpsc_ws1/build/square_mover/install.log'
[0.680s] Invoked command in '/home/agilex/cpsc_ws1/src/square_mover' returned '0': PYTHONPATH=/home/agilex/cpsc_ws1/build/square_mover/prefix_override:/home/agilex/cpsc_ws1/install/square_mover/lib/python3.10/site-packages:${PYTHONPATH} /usr/bin/python3 setup.py egg_info --egg-base ../../build/square_mover build --build-base /home/agilex/cpsc_ws1/build/square_mover/build install --record /home/agilex/cpsc_ws1/build/square_mover/install.log --single-version-externally-managed
