[0.440s] Invoking command in '/home/agilex/taj_ws_final/build/square_mover': PYTHONPATH=/home/agilex/taj_ws_final/build/square_mover/prefix_override:/home/agilex/taj_ws_final/install/square_mover/lib/python3.10/site-packages:${PYTHONPATH} /usr/bin/python3 setup.py develop --editable --build-directory /home/agilex/taj_ws_final/build/square_mover/build --no-deps install_data
[0.579s] running develop
[0.579s] /usr/lib/python3/dist-packages/setuptools/command/easy_install.py:158: EasyInstallDeprecationWarning: easy_install command is deprecated. Use build and pip and other standards-based tools.
[0.580s]   warnings.warn(
[0.580s] /usr/lib/python3/dist-packages/setuptools/command/install.py:34: SetuptoolsDeprecationWarning: setup.py install is deprecated. Use build and pip and other standards-based tools.
[0.580s]   warnings.warn(
[0.653s] running egg_info
[0.654s] writing square_mover.egg-info/PKG-INFO
[0.654s] writing dependency_links to square_mover.egg-info/dependency_links.txt
[0.654s] writing entry points to square_mover.egg-info/entry_points.txt
[0.654s] writing requirements to square_mover.egg-info/requires.txt
[0.654s] writing top-level names to square_mover.egg-info/top_level.txt
[0.655s] reading manifest file 'square_mover.egg-info/SOURCES.txt'
[0.655s] writing manifest file 'square_mover.egg-info/SOURCES.txt'
[0.657s] running build_ext
[0.657s] Creating /home/agilex/taj_ws_final/install/square_mover/lib/python3.10/site-packages/square-mover.egg-link (link to .)
[0.658s] Installing square_mover script to /home/agilex/taj_ws_final/install/square_mover/lib/square_mover
[0.658s] 
[0.658s] Installed /home/agilex/taj_ws_final/build/square_mover
[0.658s] running install_data
[0.674s] Invoked command in '/home/agilex/taj_ws_final/build/square_mover' returned '0': PYTHONPATH=/home/agilex/taj_ws_final/build/square_mover/prefix_override:/home/agilex/taj_ws_final/install/square_mover/lib/python3.10/site-packages:${PYTHONPATH} /usr/bin/python3 setup.py develop --editable --build-directory /home/agilex/taj_ws_final/build/square_mover/build --no-deps install_data
