[0.435s] Invoking command in '/home/agilex/cpsc_ws1/src/square_mover': PYTHONPATH=/home/agilex/cpsc_ws1/src/build/square_mover/prefix_override:/home/agilex/cpsc_ws1/src/install/square_mover/lib/python3.10/site-packages:${PYTHONPATH} /usr/bin/python3 setup.py egg_info --egg-base ../build/square_mover build --build-base /home/agilex/cpsc_ws1/src/build/square_mover/build install --record /home/agilex/cpsc_ws1/src/build/square_mover/install.log --single-version-externally-managed
[0.570s] running egg_info
[0.570s] writing ../build/square_mover/square_mover.egg-info/PKG-INFO
[0.570s] writing dependency_links to ../build/square_mover/square_mover.egg-info/dependency_links.txt
[0.570s] writing entry points to ../build/square_mover/square_mover.egg-info/entry_points.txt
[0.570s] writing requirements to ../build/square_mover/square_mover.egg-info/requires.txt
[0.570s] writing top-level names to ../build/square_mover/square_mover.egg-info/top_level.txt
[0.571s] reading manifest file '../build/square_mover/square_mover.egg-info/SOURCES.txt'
[0.571s] writing manifest file '../build/square_mover/square_mover.egg-info/SOURCES.txt'
[0.572s] running build
[0.572s] running build_py
[0.572s] copying square_mover/square_mover.py -> /home/agilex/cpsc_ws1/src/build/square_mover/build/lib/square_mover
[0.572s] running install
[0.572s] /usr/lib/python3/dist-packages/setuptools/command/install.py:34: SetuptoolsDeprecationWarning: setup.py install is deprecated. Use build and pip and other standards-based tools.
[0.572s]   warnings.warn(
[0.572s] running install_lib
[0.572s] copying /home/agilex/cpsc_ws1/src/build/square_mover/build/lib/square_mover/square_mover.py -> /home/agilex/cpsc_ws1/src/install/square_mover/lib/python3.10/site-packages/square_mover
[0.573s] byte-compiling /home/agilex/cpsc_ws1/src/install/square_mover/lib/python3.10/site-packages/square_mover/square_mover.py to square_mover.cpython-310.pyc
[0.573s] running install_data
[0.574s] running install_egg_info
[0.575s] removing '/home/agilex/cpsc_ws1/src/install/square_mover/lib/python3.10/site-packages/square_mover-0.0.0-py3.10.egg-info' (and everything under it)
[0.575s] Copying ../build/square_mover/square_mover.egg-info to /home/agilex/cpsc_ws1/src/install/square_mover/lib/python3.10/site-packages/square_mover-0.0.0-py3.10.egg-info
[0.575s] running install_scripts
[0.589s] Installing square_mover script to /home/agilex/cpsc_ws1/src/install/square_mover/lib/square_mover
[0.589s] writing list of installed files to '/home/agilex/cpsc_ws1/src/build/square_mover/install.log'
[0.602s] Invoked command in '/home/agilex/cpsc_ws1/src/square_mover' returned '0': PYTHONPATH=/home/agilex/cpsc_ws1/src/build/square_mover/prefix_override:/home/agilex/cpsc_ws1/src/install/square_mover/lib/python3.10/site-packages:${PYTHONPATH} /usr/bin/python3 setup.py egg_info --egg-base ../build/square_mover build --build-base /home/agilex/cpsc_ws1/src/build/square_mover/build install --record /home/agilex/cpsc_ws1/src/build/square_mover/install.log --single-version-externally-managed
